// Jest Snapshot v1, https://goo.gl/fbAQLP

exports[`<GridImage /> should match snapshot 1`] = `
.c4 {
  font-size: 3.2rem;
}

.c1 .c3 {
  margin-bottom: 4.8rem;
}

.c5 {
  display: grid;
  grid-template-columns: repeat(auto-fill,minmax(280px,1fr));
  gap: 4.0rem;
}

.c6 {
  overflow: hidden;
}

.c7 {
  width: 100%;
}

.c7:hover {
  -webkit-transform: scale(1.2);
  -ms-transform: scale(1.2);
  transform: scale(1.2);
}

.c0 {
  background-color: #fff;
  color: #0A1128;
  min-height: 100vh;
  padding: 5rem;
}

.c2 {
  color: #0A1128;
  font-size: 6.4rem;
  text-transform: none;
}

@media (max-width:768px) {
  .c2 {
    font-size: 3.2rem;
  }
}

<div
  class="c0"
>
  <div
    class="c1"
  >
    <h2
      class="c2"
    >
      My grid
    </h2>
    <div
      class="c3 c4"
    >
      Atque doloribus nobis laudantium esse ut, non commodi maxime distinctio veritatis unde
    </div>
    <div
      class="c5"
    >
      <div
        class="c6"
      >
        <img
          alt="Teste 1"
          class="c7"
          src="https://source.unsplash.com/random/800x800?r=1"
        />
      </div>
      <div
        class="c6"
      >
        <img
          alt="Teste 2"
          class="c7"
          src="https://source.unsplash.com/random/800x800?r=2"
        />
      </div>
      <div
        class="c6"
      >
        <img
          alt="Teste 3"
          class="c7"
          src="https://source.unsplash.com/random/800x800?r=3"
        />
      </div>
      <div
        class="c6"
      >
        <img
          alt="Teste 4"
          class="c7"
          src="https://source.unsplash.com/random/800x800?r=4"
        />
      </div>
      <div
        class="c6"
      >
        <img
          alt="Teste 5"
          class="c7"
          src="https://source.unsplash.com/random/800x800?r=5"
        />
      </div>
      <div
        class="c6"
      >
        <img
          alt="Teste 6"
          class="c7"
          src="https://source.unsplash.com/random/800x800?r=6"
        />
      </div>
    </div>
  </div>
</div>
`;
