// Jest Snapshot v1, https://goo.gl/fbAQLP

exports[`<BaseTemplate /> should match snapshot 1`] = `
.c0 {
  z-index: 6;
  position: fixed;
  top: 2rem;
  right: 2rem;
  width: 4rem;
  height: 4rem;
  background: #0A1128;
  color: #fff;
  border: none;
  display: none;
  pointer-events: all;
}

.c0 > svg {
  width: 2.5rem;
  height: 2.5rem;
}

.c1 {
  display: inline-block;
  vertical-align: middle;
  overflow: hidden;
}

@media (max-width:768px) {

}

@media (max-width:768px) {

}

@media (max-width:768px) {

}

@media (max-width:768px) {
  .c0 {
    display: block;
  }
}

@media (max-width:768px) {

}

<button
  aria-label="Open/Close Menu"
  class="c0"
>
  <svg
    aria-hidden="true"
    aria-label="Open Menu"
    class="c1"
    fill="currentColor"
    focusable="false"
    viewBox="0 0 24 24"
    xmlns="http://www.w3.org/2000/svg"
  >
    <path
      d="M3 18h18v-2H3v2zm0-5h18v-2H3v2zm0-7v2h18V6H3z"
    />
  </svg>
</button>
`;
